2026-08-16 21:37:16 ========== 外汇交易系统启动 ==========
2026-08-16 21:37:16 检测到系统已在运行，直接打开前端页面
2026-08-16 21:37:16 启动完成
2026-08-16 21:39:22 ========== 外汇交易系统启动 ==========
2026-08-16 21:39:25 检查并安装 Python 依赖...
2026-08-16 21:39:28 Python 依赖已就绪
2026-08-16 21:39:28 前端构建产物已存在
2026-08-16 21:39:28 启动后端服务...
2026-08-16 21:39:28 后端进程 PID 24620
2026-08-16 21:39:37 后端启动成功
2026-08-16 21:39:37 启动完成
2026-08-16 21:54:38 ========== 外汇交易系统启动 ==========
2026-08-16 21:54:38 检测到系统已在运行，直接打开前端页面
2026-08-16 21:54:38 启动完成
2026-08-16 21:54:43 ========== 外汇交易系统启动 ==========
2026-08-16 21:54:43 检测到系统已在运行，直接打开前端页面
2026-08-16 21:54:43 启动完成
2026-08-16 22:04:00 ========== 外汇交易系统启动 ==========
2026-08-16 22:04:00 检测到系统已在运行，直接打开前端页面
2026-08-16 22:04:00 启动完成
2026-08-16 22:09:56 ========== 外汇交易系统启动 ==========
2026-08-16 22:09:58 检测到系统已在运行，直接打开前端页面
2026-08-16 22:09:58 启动完成
2026-08-16 22:46:04 ========== 外汇交易系统启动 ==========
2026-08-16 22:46:04 检测到系统已在运行，直接打开前端页面
2026-08-16 22:46:04 启动完成
2026-08-16 23:08:36 ========== 外汇交易系统启动 ==========
2026-08-16 23:08:43 Python 依赖已存在，跳过安装
2026-08-16 23:08:43 前端构建产物已存在，无需 Node.js
2026-08-16 23:08:43 启动后端服务...
2026-08-16 23:08:43 后端进程 PID 10080
2026-08-16 23:08:48 后端启动成功
2026-08-16 23:08:48 启动完成
2026-08-16 23:17:15 ========== 外汇交易系统启动 ==========
2026-08-16 23:17:17 使用压缩包内置便携 Python
2026-08-16 23:17:19 Python 依赖已存在，跳过安装
2026-08-16 23:17:19 前端构建产物已存在，无需 Node.js
2026-08-16 23:17:19 启动后端服务...
2026-08-16 23:17:19 后端进程 PID 22652
2026-08-16 23:17:25 后端启动成功
2026-08-16 23:17:25 启动完成
2026-08-16 23:29:45 ========== 外汇交易系统启动 ==========
2026-08-16 23:29:47 使用压缩包内置便携 Python
2026-08-16 23:29:49 Python 依赖已存在，跳过安装
2026-08-16 23:29:49 前端构建产物已存在，无需 Node.js
2026-08-16 23:29:49 启动后端服务...
2026-08-16 23:29:49 后端进程 PID 21156
2026-08-16 23:29:55 后端启动成功
2026-08-16 23:29:55 启动完成
2026-08-17 06:42:01 ========== 外汇交易系统启动 ==========
2026-08-17 06:42:03 使用压缩包内置便携 Python
2026-08-17 06:42:06 Python 依赖已存在，跳过安装
2026-08-17 06:42:06 前端构建产物已存在，无需 Node.js
2026-08-17 06:42:06 启动后端服务...
2026-08-17 06:42:06 后端进程 PID 27528
2026-08-17 06:42:11 后端启动成功
2026-08-17 06:42:11 启动完成
2026-08-17 06:55:43 ========== 外汇交易系统启动 ==========
2026-08-17 06:55:45 使用压缩包内置便携 Python
2026-08-17 06:55:47 Python 依赖已存在，跳过安装
2026-08-17 06:55:47 前端构建产物已存在，无需 Node.js
2026-08-17 06:55:47 启动后端服务...
2026-08-17 06:55:47 后端进程 PID 28132
2026-08-17 06:55:52 后端启动成功
2026-08-17 06:55:52 启动完成
2026-08-17 10:19:03 ========== 外汇交易系统启动 ==========
2026-08-17 10:19:05 使用压缩包内置便携 Python
2026-08-17 10:19:07 Python 依赖已存在，跳过安装
2026-08-17 10:19:07 前端构建产物已存在，无需 Node.js
2026-08-17 10:19:07 启动后端服务...
2026-08-17 10:19:07 后端进程 PID 24684
2026-08-17 10:19:09 后端启动成功
2026-08-17 10:19:09 启动完成
2026-08-17 10:19:45 ========== 外汇交易系统启动 ==========
2026-08-17 10:19:47 使用压缩包内置便携 Python
2026-08-17 10:19:48 Python 依赖已存在，跳过安装
2026-08-17 10:19:48 前端构建产物已存在，无需 Node.js
2026-08-17 10:19:49 启动后端服务...
2026-08-17 10:19:49 后端进程 PID 22580
2026-08-17 10:19:51 后端启动成功
2026-08-17 10:19:51 启动完成
2026-08-17 10:53:00 ========== 外汇交易系统启动 ==========
2026-08-17 10:53:02 使用压缩包内置便携 Python
2026-08-17 10:53:10 Python 依赖已存在，跳过安装
2026-08-17 10:53:10 前端构建产物已存在，无需 Node.js
2026-08-17 10:53:10 启动后端服务...
2026-08-17 10:53:10 后端进程 PID 23148
2026-08-17 10:53:17 后端启动成功
2026-08-17 10:53:17 启动完成
2026-08-17 10:53:59 ========== 外汇交易系统启动 ==========
2026-08-17 10:54:01 使用压缩包内置便携 Python
2026-08-17 10:54:03 Python 依赖已存在，跳过安装
2026-08-17 10:54:03 前端构建产物已存在，无需 Node.js
2026-08-17 10:54:03 启动后端服务...
2026-08-17 10:54:03 后端进程 PID 20752
2026-08-17 10:54:09 后端启动成功
2026-08-17 10:54:09 启动完成
2026-08-17 10:54:45 ========== 外汇交易系统启动 ==========
2026-08-17 10:54:47 使用压缩包内置便携 Python
2026-08-17 10:54:49 Python 依赖已存在，跳过安装
2026-08-17 10:54:49 前端构建产物已存在，无需 Node.js
2026-08-17 10:54:49 启动后端服务...
2026-08-17 10:54:49 后端进程 PID 3916
2026-08-17 10:54:54 后端启动成功
2026-08-17 10:54:54 启动完成
2026-08-17 10:55:34 ========== 外汇交易系统启动 ==========
2026-08-17 10:55:36 使用压缩包内置便携 Python
2026-08-17 10:55:38 Python 依赖已存在，跳过安装
2026-08-17 10:55:38 前端构建产物已存在，无需 Node.js
2026-08-17 10:55:38 启动后端服务...
2026-08-17 10:55:38 后端进程 PID 3884
2026-08-17 10:55:43 后端启动成功
2026-08-17 10:55:43 启动完成
2026-08-17 11:17:14 ========== 外汇交易系统启动 ==========
2026-08-17 11:17:16 使用压缩包内置便携 Python
2026-08-17 11:17:18 Python 依赖已存在，跳过安装
2026-08-17 11:17:18 前端构建产物已存在，无需 Node.js
2026-08-17 11:17:18 启动后端服务...
2026-08-17 11:17:18 后端进程 PID 17584
2026-08-17 11:17:23 后端启动成功
2026-08-17 11:17:23 启动完成
2026-08-17 11:18:14 ========== 外汇交易系统启动 ==========
2026-08-17 11:18:16 使用压缩包内置便携 Python
2026-08-17 11:18:18 Python 依赖已存在，跳过安装
2026-08-17 11:18:18 前端构建产物已存在，无需 Node.js
2026-08-17 11:18:18 启动后端服务...
2026-08-17 11:18:18 后端进程 PID 2228
2026-08-17 11:18:23 后端启动成功
2026-08-17 11:18:23 启动完成
2026-08-17 11:41:21 ========== 外汇交易系统启动 ==========
2026-08-17 11:41:24 使用压缩包内置便携 Python
2026-08-17 11:41:26 Python 依赖已存在，跳过安装
2026-08-17 11:41:26 前端构建产物已存在，无需 Node.js
2026-08-17 11:41:26 启动后端服务...
2026-08-17 11:41:26 后端进程 PID 25064
2026-08-17 11:41:31 后端启动成功
2026-08-17 11:41:31 启动完成
2026-08-17 23:55:24 ========== 外汇交易系统启动 ==========
2026-08-17 23:55:26 使用压缩包内置便携 Python
2026-08-17 23:55:29 Python 依赖已存在，跳过安装
2026-08-17 23:55:29 前端构建产物已存在，无需 Node.js
2026-08-17 23:55:29 启动后端服务...
2026-08-17 23:55:29 后端进程 PID 27404
2026-08-17 23:55:34 后端启动成功
2026-08-17 23:55:34 启动完成
2026-08-18 07:52:05 ========== 外汇交易系统启动 ==========
2026-08-18 07:52:07 使用压缩包内置便携 Python
2026-08-18 07:52:11 Python 依赖已存在，跳过安装
2026-08-18 07:52:11 前端构建产物已存在，无需 Node.js
2026-08-18 07:52:11 启动后端服务...
2026-08-18 07:52:11 后端进程 PID 20920
2026-08-18 07:52:16 后端启动成功
2026-08-18 07:52:16 启动完成
2026-08-18 20:56:58 ========== 外汇交易系统启动 ==========
2026-08-18 20:57:00 使用压缩包内置便携 Python
2026-08-18 20:57:08 Python 依赖已存在，跳过安装
2026-08-18 20:57:08 前端构建产物已存在，无需 Node.js
2026-08-18 20:57:09 启动后端服务...
2026-08-18 20:57:09 后端进程 PID 28396
2026-08-18 20:57:16 后端启动成功
2026-08-18 20:57:16 启动完成
2026-08-27 12:47:33 ========== 外汇交易系统启动 ==========
2026-08-27 12:47:35 使用压缩包内置便携 Python
2026-08-27 12:47:46 Python 依赖已存在，跳过安装
2026-08-27 12:47:46 前端构建产物已存在，无需 Node.js
2026-08-27 12:47:46 启动后端服务...
2026-08-27 12:47:46 后端进程 PID 21256
2026-08-27 12:47:53 后端启动成功
2026-08-27 12:47:53 已打开前端页面 http://127.0.0.1:8002/
2026-08-27 12:47:53 启动完成
2026-08-28 10:06:53 ========== 外汇交易系统启动 ==========
2026-08-28 10:06:55 使用压缩包内置便携 Python
2026-08-28 10:07:01 Python 依赖已存在，跳过安装
2026-08-28 10:07:01 前端构建产物已存在，无需 Node.js
2026-08-28 10:07:01 启动后端服务...
2026-08-28 10:07:01 后端进程 PID 21968
2026-08-28 10:07:07 后端启动成功
2026-08-28 10:07:07 已打开前端页面 http://127.0.0.1:8002/
2026-08-28 10:07:07 启动完成
