INFO:     Started server process [7860]
INFO:     Waiting for application startup.
INFO:     Application startup complete.
INFO:     Uvicorn running on http://127.0.0.1:8002 (Press CTRL+C to quit)
[MT5Gateway] 无法获取 BTCUSD M30 数据: (-1, 'Terminal: Call failed')
[MT5Gateway] 无法获取 BTCUSD M30 数据: (-1, 'Terminal: Call failed')
[MT5Gateway] 无法获取 BTCUSD M30 数据: (-1, 'Terminal: Call failed')
[MT5Gateway] 无法获取 BTCUSD M30 数据: (-1, 'Terminal: Call failed')
[MT5Gateway] 无法获取 BTCUSD M30 数据: (-1, 'Terminal: Call failed')
[MT5Gateway] 无法获取 BTCUSD M30 数据: (-1, 'Terminal: Call failed')
[MT5Gateway] 无法获取 BTCUSD M30 数据: (-1, 'Terminal: Call failed')
[MT5Gateway] 无法获取 BTCUSD M30 数据: (-1, 'Terminal: Call failed')
INFO:     127.0.0.1:54113 - "WebSocket /api/mt5/ws/tick?symbol=EURUSD" [accepted]
INFO:     connection open
[MT5Gateway] 无法获取 BTCUSD M30 数据: (-1, 'Terminal: Call failed')
[MT5Gateway] 无法获取 BTCUSD M30 数据: (-1, 'Terminal: Call failed')
[MT5Gateway] 无法获取 BTCUSD M30 数据: (-1, 'Terminal: Call failed')
[MT5Gateway] 无法获取 BTCUSD M30 数据: (-1, 'Terminal: Call failed')
[MT5Gateway] 无法获取 BTCUSD M30 数据: (-1, 'Terminal: Call failed')
[MT5Gateway] 无法获取 BTCUSD M30 数据: (-1, 'Terminal: Call failed')
[MT5Gateway] 无法获取 BTCUSD M30 数据: (-1, 'Terminal: Call failed')
[MT5Gateway] 无法获取 BTCUSD M30 数据: (-1, 'Terminal: Call failed')
[MT5Gateway] 无法获取 BTCUSD M30 数据: (-1, 'Terminal: Call failed')
[MT5Gateway] 无法获取 BTCUSD M30 数据: (-1, 'Terminal: Call failed')
[MT5Gateway] 无法获取 BTCUSD M30 数据: (-1, 'Terminal: Call failed')
[MT5Gateway] 无法获取 BTCUSD M30 数据: (-1, 'Terminal: Call failed')
INFO:     127.0.0.1:51499 - "WebSocket /api/mt5/ws/tick?symbol=EURUSD" [accepted]
INFO:     connection open
[MT5Gateway] 无法获取 BTCUSD M30 数据: (-1, 'Terminal: Call failed')
[MT5Gateway] 无法获取 BTCUSD M30 数据: (-1, 'Terminal: Call failed')
[MT5Gateway] 无法获取 BTCUSD M30 数据: (-1, 'Terminal: Call failed')
[MT5Gateway] 无法获取 BTCUSD M30 数据: (-1, 'Terminal: Call failed')
[MT5Gateway] 无法获取 BTCUSD M30 数据: (-1, 'Terminal: Call failed')
[MT5Gateway] 无法获取 BTCUSD M30 数据: (-1, 'Terminal: Call failed')
[MT5Gateway] 无法获取 BTCUSD M30 数据: (-1, 'Terminal: Call failed')
[MT5Gateway] 无法获取 BTCUSD M30 数据: (-1, 'Terminal: Call failed')
[MT5Gateway] 无法获取 BTCUSD M30 数据: (-1, 'Terminal: Call failed')
[MT5Gateway] 无法获取 BTCUSD M30 数据: (-1, 'Terminal: Call failed')
[MT5Gateway] 无法获取 BTCUSD M30 数据: (-1, 'Terminal: Call failed')
[MT5Gateway] 无法获取 BTCUSD M30 数据: (-1, 'Terminal: Call failed')
[MT5Gateway] 无法获取 BTCUSD M30 数据: (-1, 'Terminal: Call failed')
[MT5Gateway] 无法获取 BTCUSD M30 数据: (-1, 'Terminal: Call failed')
[MT5Gateway] 无法获取 BTCUSD M30 数据: (-1, 'Terminal: Call failed')
[MT5Gateway] 无法获取 BTCUSD M30 数据: (-1, 'Terminal: Call failed')
[MT5Gateway] 无法获取 BTCUSD M30 数据: (-1, 'Terminal: Call failed')
[MT5Gateway] 无法获取 BTCUSD M30 数据: (-1, 'Terminal: Call failed')
[MT5Gateway] 无法获取 BTCUSD M30 数据: (-1, 'Terminal: Call failed')
[MT5Gateway] 无法获取 BTCUSD M30 数据: (-1, 'Terminal: Call failed')
[MT5Gateway] 无法获取 BTCUSD M30 数据: (-1, 'Terminal: Call failed')
[MT5Gateway] 无法获取 BTCUSD M30 数据: (-1, 'Terminal: Call failed')
[MT5Gateway] 无法获取 BTCUSD M30 数据: (-1, 'Terminal: Call failed')
[MT5Gateway] 无法获取 BTCUSD M30 数据: (-1, 'Terminal: Call failed')
[MT5Gateway] 无法获取 BTCUSD M30 数据: (-1, 'Terminal: Call failed')
[MT5Gateway] 无法获取 BTCUSD M30 数据: (-1, 'Terminal: Call failed')
[MT5Gateway] 无法获取 BTCUSD M30 数据: (-1, 'Terminal: Call failed')
[MT5Gateway] 无法获取 BTCUSD M30 数据: (-1, 'Terminal: Call failed')
[MT5Gateway] 无法获取 BTCUSD M30 数据: (-1, 'Terminal: Call failed')
[MT5Gateway] 无法获取 BTCUSD M30 数据: (-1, 'Terminal: Call failed')
[MT5Gateway] 无法获取 BTCUSD M30 数据: (-1, 'Terminal: Call failed')
[MT5Gateway] 无法获取 BTCUSD M30 数据: (-1, 'Terminal: Call failed')
[MT5Gateway] 无法获取 BTCUSD M30 数据: (-1, 'Terminal: Call failed')
[MT5Gateway] 无法获取 BTCUSD M30 数据: (-1, 'Terminal: Call failed')
[MT5Gateway] 无法获取 BTCUSD M30 数据: (-1, 'Terminal: Call failed')
[MT5Gateway] 无法获取 BTCUSD M30 数据: (-1, 'Terminal: Call failed')
[MT5Gateway] 无法获取 BTCUSD M30 数据: (-1, 'Terminal: Call failed')
[MT5Gateway] 无法获取 BTCUSD M30 数据: (-1, 'Terminal: Call failed')
[MT5Gateway] 无法获取 BTCUSD M30 数据: (-1, 'Terminal: Call failed')
[MT5Gateway] 无法获取 BTCUSD M30 数据: (-1, 'Terminal: Call failed')
[MT5Gateway] 无法获取 BTCUSD M30 数据: (-1, 'Terminal: Call failed')
[MT5Gateway] 无法获取 BTCUSD M30 数据: (-1, 'Terminal: Call failed')
[MT5Gateway] 无法获取 BTCUSD M30 数据: (-1, 'Terminal: Call failed')
[MT5Gateway] 无法获取 BTCUSD M30 数据: (-1, 'Terminal: Call failed')
[MT5Gateway] 无法获取 BTCUSD M30 数据: (-1, 'Terminal: Call failed')
[MT5Gateway] 无法获取 BTCUSD M30 数据: (-1, 'Terminal: Call failed')
[MT5Gateway] 无法获取 BTCUSD M30 数据: (-1, 'Terminal: Call failed')
[MT5Gateway] 无法获取 BTCUSD M30 数据: (-1, 'Terminal: Call failed')
[MT5Gateway] 无法获取 BTCUSD M30 数据: (-1, 'Terminal: Call failed')
[MT5Gateway] 无法获取 BTCUSD M30 数据: (-1, 'Terminal: Call failed')
[MT5Gateway] 无法获取 BTCUSD M30 数据: (-1, 'Terminal: Call failed')
[MT5Gateway] 无法获取 BTCUSD M30 数据: (-1, 'Terminal: Call failed')
[MT5Gateway] 无法获取 BTCUSD M30 数据: (-1, 'Terminal: Call failed')
[MT5Gateway] 无法获取 BTCUSD M30 数据: (-1, 'Terminal: Call failed')
[MT5Gateway] 无法获取 BTCUSD M30 数据: (-1, 'Terminal: Call failed')
[MT5Gateway] 无法获取 BTCUSD M30 数据: (-1, 'Terminal: Call failed')
[MT5Gateway] 无法获取 BTCUSD M30 数据: (-1, 'Terminal: Call failed')
[MT5Gateway] 无法获取 BTCUSD M30 数据: (-1, 'Terminal: Call failed')
[MT5Gateway] 无法获取 BTCUSD M30 数据: (-1, 'Terminal: Call failed')
[MT5Gateway] 无法获取 BTCUSD M30 数据: (-1, 'Terminal: Call failed')
[MT5Gateway] 无法获取 BTCUSD M30 数据: (-1, 'Terminal: Call failed')
[MT5Gateway] 无法获取 BTCUSD M30 数据: (-1, 'Terminal: Call failed')
[MT5Gateway] 无法获取 BTCUSD M30 数据: (-1, 'Terminal: Call failed')
[MT5Gateway] 无法获取 BTCUSD M30 数据: (-1, 'Terminal: Call failed')
[MT5Gateway] 无法获取 BTCUSD M30 数据: (-1, 'Terminal: Call failed')
[MT5Gateway] 无法获取 BTCUSD M30 数据: (-1, 'Terminal: Call failed')
[MT5Gateway] 无法获取 BTCUSD M30 数据: (-1, 'Terminal: Call failed')
[MT5Gateway] 无法获取 BTCUSD M30 数据: (-1, 'Terminal: Call failed')
[MT5Gateway] 无法获取 BTCUSD M30 数据: (-1, 'Terminal: Call failed')
[MT5Gateway] 无法获取 BTCUSD M30 数据: (-1, 'Terminal: Call failed')
[MT5Gateway] 无法获取 BTCUSD M30 数据: (-1, 'Terminal: Call failed')
[MT5Gateway] 无法获取 BTCUSD M30 数据: (-1, 'Terminal: Call failed')
[MT5Gateway] 无法获取 BTCUSD M30 数据: (-1, 'Terminal: Call failed')
[MT5Gateway] 无法获取 BTCUSD M30 数据: (-1, 'Terminal: Call failed')
[MT5Gateway] 无法获取 BTCUSD M30 数据: (-1, 'Terminal: Call failed')
[MT5Gateway] 无法获取 BTCUSD M30 数据: (-1, 'Terminal: Call failed')
[MT5Gateway] 无法获取 BTCUSD M30 数据: (-1, 'Terminal: Call failed')
[MT5Gateway] 无法获取 BTCUSD M30 数据: (-1, 'Terminal: Call failed')
[MT5Gateway] 无法获取 BTCUSD M30 数据: (-1, 'Terminal: Call failed')
[MT5Gateway] 无法获取 BTCUSD M30 数据: (-1, 'Terminal: Call failed')
[MT5Gateway] 无法获取 BTCUSD M30 数据: (-1, 'Terminal: Call failed')
[MT5Gateway] 无法获取 BTCUSD M30 数据: (-1, 'Terminal: Call failed')
[MT5Gateway] 无法获取 BTCUSD M30 数据: (-1, 'Terminal: Call failed')
[MT5Gateway] 无法获取 BTCUSD M30 数据: (-1, 'Terminal: Call failed')
[MT5Gateway] 无法获取 BTCUSD M30 数据: (-1, 'Terminal: Call failed')
[MT5Gateway] 无法获取 BTCUSD M30 数据: (-1, 'Terminal: Call failed')
[MT5Gateway] 无法获取 BTCUSD M30 数据: (-1, 'Terminal: Call failed')
[MT5Gateway] 无法获取 BTCUSD M30 数据: (-1, 'Terminal: Call failed')
[MT5Gateway] 无法获取 BTCUSD M30 数据: (-1, 'Terminal: Call failed')
[MT5Gateway] 无法获取 BTCUSD M30 数据: (-1, 'Terminal: Call failed')
[MT5Gateway] 无法获取 BTCUSD M30 数据: (-1, 'Terminal: Call failed')
[MT5Gateway] 无法获取 BTCUSD M30 数据: (-1, 'Terminal: Call failed')
[MT5Gateway] 无法获取 BTCUSD M30 数据: (-1, 'Terminal: Call failed')
[MT5Gateway] 无法获取 BTCUSD M30 数据: (-1, 'Terminal: Call failed')
[MT5Gateway] 无法获取 BTCUSD M30 数据: (-1, 'Terminal: Call failed')
Exception in callback _ProactorBasePipeTransport._call_connection_lost()
handle: <Handle _ProactorBasePipeTransport._call_connection_lost()>
Traceback (most recent call last):
  File "asyncio\events.py", line 89, in _run
  File "asyncio\proactor_events.py", line 165, in _call_connection_lost
ConnectionResetError: [WinError 10054] 远程主机强迫关闭了一个现有的连接。
INFO:     127.0.0.1:52589 - "WebSocket /api/mt5/ws/tick?symbol=EURUSD" [accepted]
INFO:     connection open
[MT5Gateway] 无法获取 BTCUSD M30 数据: (-1, 'Terminal: Call failed')
[MT5Gateway] 无法获取 BTCUSD M30 数据: (-1, 'Terminal: Call failed')
[MT5Gateway] 无法获取 BTCUSD M30 数据: (-1, 'Terminal: Call failed')
[MT5Gateway] 无法获取 BTCUSD M30 数据: (-1, 'Terminal: Call failed')
[MT5Gateway] 无法获取 BTCUSD M30 数据: (-1, 'Terminal: Call failed')
[MT5Gateway] 无法获取 BTCUSD M30 数据: (-1, 'Terminal: Call failed')
[MT5Gateway] 无法获取 BTCUSD M30 数据: (-1, 'Terminal: Call failed')
[MT5Gateway] 无法获取 BTCUSD M30 数据: (-1, 'Terminal: Call failed')
[MT5Gateway] 无法获取 BTCUSD M30 数据: (-1, 'Terminal: Call failed')
[MT5Gateway] 无法获取 BTCUSD M30 数据: (-1, 'Terminal: Call failed')
[MT5Gateway] 无法获取 BTCUSD M30 数据: (-1, 'Terminal: Call failed')
[MT5Gateway] 无法获取 BTCUSD M30 数据: (-1, 'Terminal: Call failed')
[MT5Gateway] 无法获取 BTCUSD M30 数据: (-1, 'Terminal: Call failed')
[MT5Gateway] 无法获取 BTCUSD M30 数据: (-1, 'Terminal: Call failed')
[MT5Gateway] 无法获取 BTCUSD M30 数据: (-1, 'Terminal: Call failed')
[MT5Gateway] 无法获取 BTCUSD M30 数据: (-1, 'Terminal: Call failed')
[MT5Gateway] 无法获取 BTCUSD M30 数据: (-1, 'Terminal: Call failed')
[MT5Gateway] 无法获取 BTCUSD M30 数据: (-1, 'Terminal: Call failed')
INFO:     127.0.0.1:59447 - "WebSocket /api/mt5/ws/tick?symbol=EURUSD" [accepted]
INFO:     connection open
[MT5Gateway] 无法获取 BTCUSD M30 数据: (-1, 'Terminal: Call failed')
[MT5Gateway] 无法获取 BTCUSD M30 数据: (-1, 'Terminal: Call failed')
[MT5Gateway] 无法获取 BTCUSD M30 数据: (-1, 'Terminal: Call failed')
[MT5Gateway] 无法获取 BTCUSD M30 数据: (-1, 'Terminal: Call failed')
[MT5Gateway] 无法获取 BTCUSD M30 数据: (-1, 'Terminal: Call failed')
[MT5Gateway] 无法获取 BTCUSD M30 数据: (-1, 'Terminal: Call failed')
[MT5Gateway] 无法获取 BTCUSD M30 数据: (-1, 'Terminal: Call failed')
[MT5Gateway] 无法获取 BTCUSD M30 数据: (-1, 'Terminal: Call failed')
[MT5Gateway] 无法获取 BTCUSD M30 数据: (-1, 'Terminal: Call failed')
[MT5Gateway] 无法获取 BTCUSD M30 数据: (-1, 'Terminal: Call failed')
[MT5Gateway] 无法获取 BTCUSD M30 数据: (-1, 'Terminal: Call failed')
Exception in callback _ProactorBasePipeTransport._call_connection_lost()
handle: <Handle _ProactorBasePipeTransport._call_connection_lost()>
Traceback (most recent call last):
  File "asyncio\events.py", line 89, in _run
  File "asyncio\proactor_events.py", line 165, in _call_connection_lost
ConnectionResetError: [WinError 10054] 远程主机强迫关闭了一个现有的连接。
[MT5Gateway] 无法获取 BTCUSD M30 数据: (-1, 'Terminal: Call failed')
[MT5Gateway] 无法获取 BTCUSD M30 数据: (-1, 'Terminal: Call failed')
[MT5Gateway] 无法获取 BTCUSD M30 数据: (-1, 'Terminal: Call failed')
[MT5Gateway] 无法获取 BTCUSD M30 数据: (-1, 'Terminal: Call failed')
[MT5Gateway] 无法获取 BTCUSD M30 数据: (-1, 'Terminal: Call failed')
[MT5Gateway] 无法获取 BTCUSD M30 数据: (-1, 'Terminal: Call failed')
[MT5Gateway] 无法获取 BTCUSD M30 数据: (-1, 'Terminal: Call failed')
[MT5Gateway] 无法获取 BTCUSD M30 数据: (-1, 'Terminal: Call failed')
[MT5Gateway] 无法获取 BTCUSD M30 数据: (-1, 'Terminal: Call failed')
[MT5Gateway] 无法获取 BTCUSD M30 数据: (-1, 'Terminal: Call failed')
[MT5Gateway] 无法获取 BTCUSD M30 数据: (-1, 'Terminal: Call failed')
[MT5Gateway] 无法获取 BTCUSD M30 数据: (-1, 'Terminal: Call failed')
[MT5Gateway] 无法获取 BTCUSD M30 数据: (-1, 'Terminal: Call failed')
[MT5Gateway] 无法获取 BTCUSD M30 数据: (-1, 'Terminal: Call failed')
[MT5Gateway] 无法获取 BTCUSD M30 数据: (-1, 'Terminal: Call failed')
[MT5Gateway] 无法获取 BTCUSD M30 数据: (-1, 'Terminal: Call failed')
[MT5Gateway] 无法获取 BTCUSD M30 数据: (-1, 'Terminal: Call failed')
[MT5Gateway] 无法获取 BTCUSD M30 数据: (-1, 'Terminal: Call failed')
[MT5Gateway] 无法获取 BTCUSD M30 数据: (-1, 'Terminal: Call failed')
[MT5Gateway] 无法获取 BTCUSD M30 数据: (-1, 'Terminal: Call failed')
[MT5Gateway] 无法获取 BTCUSD M30 数据: (-1, 'Terminal: Call failed')
[MT5Gateway] 无法获取 BTCUSD M30 数据: (-1, 'Terminal: Call failed')
[MT5Gateway] 无法获取 BTCUSD M30 数据: (-1, 'Terminal: Call failed')
[MT5Gateway] 无法获取 BTCUSD M30 数据: (-1, 'Terminal: Call failed')
[MT5Gateway] 无法获取 BTCUSD M30 数据: (-1, 'Terminal: Call failed')
[MT5Gateway] 无法获取 BTCUSD M30 数据: (-1, 'Terminal: Call failed')
[MT5Gateway] 无法获取 BTCUSD M30 数据: (-1, 'Terminal: Call failed')
[MT5Gateway] 无法获取 BTCUSD M30 数据: (-1, 'Terminal: Call failed')
[MT5Gateway] 无法获取 BTCUSD M30 数据: (-1, 'Terminal: Call failed')
[MT5Gateway] 无法获取 BTCUSD M30 数据: (-1, 'Terminal: Call failed')
[MT5Gateway] 无法获取 BTCUSD M30 数据: (-1, 'Terminal: Call failed')
[MT5Gateway] 无法获取 BTCUSD M30 数据: (-1, 'Terminal: Call failed')
[MT5Gateway] 无法获取 BTCUSD M30 数据: (-1, 'Terminal: Call failed')
[MT5Gateway] 无法获取 BTCUSD M30 数据: (-1, 'Terminal: Call failed')
[MT5Gateway] 无法获取 BTCUSD M30 数据: (-1, 'Terminal: Call failed')
[MT5Gateway] 无法获取 BTCUSD M30 数据: (-1, 'Terminal: Call failed')
[MT5Gateway] 无法获取 BTCUSD M30 数据: (-1, 'Terminal: Call failed')
[MT5Gateway] 无法获取 BTCUSD M30 数据: (-1, 'Terminal: Call failed')
[MT5Gateway] 无法获取 BTCUSD M30 数据: (-1, 'Terminal: Call failed')
[MT5Gateway] 无法获取 BTCUSD M30 数据: (-1, 'Terminal: Call failed')
[MT5Gateway] 无法获取 BTCUSD M30 数据: (-1, 'Terminal: Call failed')
[MT5Gateway] 无法获取 BTCUSD M30 数据: (-1, 'Terminal: Call failed')
[MT5Gateway] 无法获取 BTCUSD M30 数据: (-1, 'Terminal: Call failed')
[MT5Gateway] 无法获取 BTCUSD M30 数据: (-1, 'Terminal: Call failed')
[MT5Gateway] 无法获取 BTCUSD M30 数据: (-1, 'Terminal: Call failed')
[MT5Gateway] 无法获取 BTCUSD M30 数据: (-1, 'Terminal: Call failed')
[MT5Gateway] 无法获取 BTCUSD M30 数据: (-1, 'Terminal: Call failed')
[MT5Gateway] 无法获取 BTCUSD M30 数据: (-1, 'Terminal: Call failed')
[MT5Gateway] 无法获取 BTCUSD M30 数据: (-1, 'Terminal: Call failed')
[MT5Gateway] 无法获取 BTCUSD M30 数据: (-1, 'Terminal: Call failed')
[MT5Gateway] 无法获取 BTCUSD M30 数据: (-1, 'Terminal: Call failed')
[MT5Gateway] 无法获取 BTCUSD M30 数据: (-1, 'Terminal: Call failed')
[MT5Gateway] 无法获取 BTCUSD M30 数据: (-1, 'Terminal: Call failed')
[MT5Gateway] 无法获取 BTCUSD M30 数据: (-1, 'Terminal: Call failed')
[MT5Gateway] 无法获取 BTCUSD M30 数据: (-1, 'Terminal: Call failed')
[MT5Gateway] 无法获取 BTCUSD M30 数据: (-1, 'Terminal: Call failed')
[MT5Gateway] 无法获取 BTCUSD M30 数据: (-1, 'Terminal: Call failed')
[MT5Gateway] 无法获取 BTCUSD M30 数据: (-1, 'Terminal: Call failed')
[MT5Gateway] 无法获取 BTCUSD M30 数据: (-1, 'Terminal: Call failed')
[MT5Gateway] 无法获取 BTCUSD M30 数据: (-1, 'Terminal: Call failed')
[MT5Gateway] 无法获取 BTCUSD M30 数据: (-1, 'Terminal: Call failed')
[MT5Gateway] 无法获取 BTCUSD M30 数据: (-1, 'Terminal: Call failed')
[MT5Gateway] 无法获取 BTCUSD M30 数据: (-1, 'Terminal: Call failed')
[MT5Gateway] 无法获取 BTCUSD M30 数据: (-1, 'Terminal: Call failed')
[MT5Gateway] 无法获取 BTCUSD M30 数据: (-1, 'Terminal: Call failed')
[MT5Gateway] 无法获取 BTCUSD M30 数据: (-1, 'Terminal: Call failed')
[MT5Gateway] 无法获取 BTCUSD M30 数据: (-1, 'Terminal: Call failed')
[MT5Gateway] 无法获取 BTCUSD M30 数据: (-1, 'Terminal: Call failed')
[MT5Gateway] 无法获取 BTCUSD M30 数据: (-1, 'Terminal: Call failed')
[MT5Gateway] 无法获取 BTCUSD M30 数据: (-1, 'Terminal: Call failed')
[MT5Gateway] 无法获取 BTCUSD M30 数据: (-1, 'Terminal: Call failed')
[MT5Gateway] 无法获取 BTCUSD M30 数据: (-1, 'Terminal: Call failed')
[MT5Gateway] 无法获取 BTCUSD M30 数据: (-1, 'Terminal: Call failed')
[MT5Gateway] 无法获取 BTCUSD M30 数据: (-1, 'Terminal: Call failed')
[MT5Gateway] 无法获取 BTCUSD M30 数据: (-1, 'Terminal: Call failed')
[MT5Gateway] 无法获取 BTCUSD M30 数据: (-1, 'Terminal: Call failed')
[MT5Gateway] 无法获取 BTCUSD M30 数据: (-1, 'Terminal: Call failed')
[MT5Gateway] 无法获取 BTCUSD M30 数据: (-1, 'Terminal: Call failed')
[MT5Gateway] 无法获取 BTCUSD M30 数据: (-1, 'Terminal: Call failed')
[MT5Gateway] 无法获取 BTCUSD M30 数据: (-1, 'Terminal: Call failed')
[MT5Gateway] 无法获取 BTCUSD M30 数据: (-1, 'Terminal: Call failed')
[MT5Gateway] 无法获取 BTCUSD M30 数据: (-1, 'Terminal: Call failed')
[MT5Gateway] 无法获取 BTCUSD M30 数据: (-1, 'Terminal: Call failed')
[MT5Gateway] 无法获取 BTCUSD M30 数据: (-1, 'Terminal: Call failed')
[MT5Gateway] 无法获取 BTCUSD M30 数据: (-1, 'Terminal: Call failed')
[MT5Gateway] 无法获取 BTCUSD M30 数据: (-1, 'Terminal: Call failed')
[MT5Gateway] 无法获取 BTCUSD M30 数据: (-1, 'Terminal: Call failed')
[MT5Gateway] 无法获取 BTCUSD M30 数据: (-1, 'Terminal: Call failed')
[MT5Gateway] 无法获取 BTCUSD M30 数据: (-1, 'Terminal: Call failed')
[MT5Gateway] 无法获取 BTCUSD M30 数据: (-1, 'Terminal: Call failed')
[MT5Gateway] 无法获取 BTCUSD M30 数据: (-1, 'Terminal: Call failed')
[MT5Gateway] 无法获取 BTCUSD M30 数据: (-1, 'Terminal: Call failed')
[MT5Gateway] 无法获取 BTCUSD M30 数据: (-1, 'Terminal: Call failed')
[MT5Gateway] 无法获取 BTCUSD M30 数据: (-1, 'Terminal: Call failed')
[MT5Gateway] 无法获取 BTCUSD M30 数据: (-1, 'Terminal: Call failed')
[MT5Gateway] 无法获取 BTCUSD M30 数据: (-1, 'Terminal: Call failed')
[MT5Gateway] 无法获取 BTCUSD M30 数据: (-1, 'Terminal: Call failed')
[MT5Gateway] 无法获取 BTCUSD M30 数据: (-1, 'Terminal: Call failed')
[MT5Gateway] 无法获取 BTCUSD M30 数据: (-1, 'Terminal: Call failed')
[MT5Gateway] 无法获取 BTCUSD M30 数据: (-1, 'Terminal: Call failed')
INFO:     127.0.0.1:52180 - "WebSocket /api/mt5/ws/tick?symbol=EURUSD" [accepted]
INFO:     connection open
INFO:     127.0.0.1:60830 - "WebSocket /api/mt5/ws/tick?symbol=EURUSD" [accepted]
INFO:     connection open
[MT5Gateway] 无法获取 BTCUSD M30 数据: (-1, 'Terminal: Call failed')
[MT5Gateway] 无法获取 BTCUSD M30 数据: (-1, 'Terminal: Call failed')
[MT5Gateway] 无法获取 BTCUSD M30 数据: (-1, 'Terminal: Call failed')
[MT5Gateway] 无法获取 BTCUSD M30 数据: (-1, 'Terminal: Call failed')
[MT5Gateway] 无法获取 BTCUSD M30 数据: (-1, 'Terminal: Call failed')
[MT5Gateway] 无法获取 BTCUSD M30 数据: (-1, 'Terminal: Call failed')
[MT5Gateway] 无法获取 BTCUSD M30 数据: (-1, 'Terminal: Call failed')
[MT5Gateway] 无法获取 BTCUSD M30 数据: (-1, 'Terminal: Call failed')
[MT5Gateway] 无法获取 BTCUSD M30 数据: (-1, 'Terminal: Call failed')
[MT5Gateway] 无法获取 BTCUSD M30 数据: (-1, 'Terminal: Call failed')
[MT5Gateway] 无法获取 BTCUSD M30 数据: (-1, 'Terminal: Call failed')
[MT5Gateway] 无法获取 BTCUSD M30 数据: (-1, 'Terminal: Call failed')
[MT5Gateway] 无法获取 BTCUSD M30 数据: (-1, 'Terminal: Call failed')
[MT5Gateway] 无法获取 BTCUSD M30 数据: (-1, 'Terminal: Call failed')
[MT5Gateway] 无法获取 BTCUSD M30 数据: (-1, 'Terminal: Call failed')
[MT5Gateway] 无法获取 BTCUSD M30 数据: (-1, 'Terminal: Call failed')
[MT5Gateway] 无法获取 BTCUSD M30 数据: (-1, 'Terminal: Call failed')
[MT5Gateway] 无法获取 BTCUSD M30 数据: (-1, 'Terminal: Call failed')
[MT5Gateway] 无法获取 BTCUSD M30 数据: (-1, 'Terminal: Call failed')
[MT5Gateway] 无法获取 BTCUSD M30 数据: (-1, 'Terminal: Call failed')
[MT5Gateway] 无法获取 BTCUSD M30 数据: (-1, 'Terminal: Call failed')
[MT5Gateway] 无法获取 BTCUSD M30 数据: (-1, 'Terminal: Call failed')
[MT5Gateway] 无法获取 BTCUSD M30 数据: (-1, 'Terminal: Call failed')
[MT5Gateway] 无法获取 BTCUSD M30 数据: (-1, 'Terminal: Call failed')
[MT5Gateway] 无法获取 BTCUSD M30 数据: (-1, 'Terminal: Call failed')
[MT5Gateway] 无法获取 BTCUSD M30 数据: (-1, 'Terminal: Call failed')
[MT5Gateway] 无法获取 BTCUSD M30 数据: (-1, 'Terminal: Call failed')
[MT5Gateway] 无法获取 BTCUSD M30 数据: (-1, 'Terminal: Call failed')
[MT5Gateway] 无法获取 BTCUSD M30 数据: (-1, 'Terminal: Call failed')
[MT5Gateway] 无法获取 BTCUSD M30 数据: (-1, 'Terminal: Call failed')
[MT5Gateway] 无法获取 BTCUSD M30 数据: (-1, 'Terminal: Call failed')
[MT5Gateway] 无法获取 BTCUSD M30 数据: (-1, 'Terminal: Call failed')
[MT5Gateway] 无法获取 BTCUSD M30 数据: (-1, 'Terminal: Call failed')
[MT5Gateway] 无法获取 BTCUSD M30 数据: (-1, 'Terminal: Call failed')
[MT5Gateway] 无法获取 BTCUSD M30 数据: (-1, 'Terminal: Call failed')
[MT5Gateway] 无法获取 BTCUSD M30 数据: (-1, 'Terminal: Call failed')
[MT5Gateway] 无法获取 BTCUSD M30 数据: (-1, 'Terminal: Call failed')
[MT5Gateway] 无法获取 BTCUSD M30 数据: (-1, 'Terminal: Call failed')
[MT5Gateway] 无法获取 BTCUSD M30 数据: (-1, 'Terminal: Call failed')
[MT5Gateway] 无法获取 BTCUSD M30 数据: (-1, 'Terminal: Call failed')
[MT5Gateway] 无法获取 BTCUSD M30 数据: (-1, 'Terminal: Call failed')
[MT5Gateway] 无法获取 BTCUSD M30 数据: (-1, 'Terminal: Call failed')
[MT5Gateway] 无法获取 BTCUSD M30 数据: (-1, 'Terminal: Call failed')
[MT5Gateway] 无法获取 BTCUSD M30 数据: (-1, 'Terminal: Call failed')
[MT5Gateway] 无法获取 BTCUSD M30 数据: (-1, 'Terminal: Call failed')
[MT5Gateway] 无法获取 BTCUSD M30 数据: (-1, 'Terminal: Call failed')
[MT5Gateway] 无法获取 BTCUSD M30 数据: (-1, 'Terminal: Call failed')
[MT5Gateway] 无法获取 BTCUSD M30 数据: (-1, 'Terminal: Call failed')
[MT5Gateway] 无法获取 BTCUSD M30 数据: (-1, 'Terminal: Call failed')
[MT5Gateway] 无法获取 BTCUSD M30 数据: (-1, 'Terminal: Call failed')
[MT5Gateway] 无法获取 BTCUSD M30 数据: (-1, 'Terminal: Call failed')
[MT5Gateway] 无法获取 BTCUSD M30 数据: (-1, 'Terminal: Call failed')
[MT5Gateway] 无法获取 BTCUSD M30 数据: (-1, 'Terminal: Call failed')
[MT5Gateway] 无法获取 BTCUSD M30 数据: (-1, 'Terminal: Call failed')
[MT5Gateway] 无法获取 BTCUSD M30 数据: (-1, 'Terminal: Call failed')
[MT5Gateway] 无法获取 BTCUSD M30 数据: (-1, 'Terminal: Call failed')
[MT5Gateway] 无法获取 BTCUSD M30 数据: (-1, 'Terminal: Call failed')
[MT5Gateway] 无法获取 BTCUSD M30 数据: (-1, 'Terminal: Call failed')
[MT5Gateway] 无法获取 BTCUSD M30 数据: (-1, 'Terminal: Call failed')
[MT5Gateway] 无法获取 BTCUSD M30 数据: (-1, 'Terminal: Call failed')
[MT5Gateway] 无法获取 BTCUSD M30 数据: (-1, 'Terminal: Call failed')
[MT5Gateway] 无法获取 BTCUSD M30 数据: (-1, 'Terminal: Call failed')
[MT5Gateway] 无法获取 BTCUSD M30 数据: (-1, 'Terminal: Call failed')
[MT5Gateway] 无法获取 BTCUSD M30 数据: (-1, 'Terminal: Call failed')
[MT5Gateway] 无法获取 BTCUSD M30 数据: (-1, 'Terminal: Call failed')
[MT5Gateway] 无法获取 BTCUSD M30 数据: (-1, 'Terminal: Call failed')
[MT5Gateway] 无法获取 BTCUSD M30 数据: (-1, 'Terminal: Call failed')
[MT5Gateway] 无法获取 BTCUSD M30 数据: (-1, 'Terminal: Call failed')
[MT5Gateway] 无法获取 BTCUSD M30 数据: (-1, 'Terminal: Call failed')
[MT5Gateway] 无法获取 BTCUSD M30 数据: (-1, 'Terminal: Call failed')
[MT5Gateway] 无法获取 BTCUSD M30 数据: (-1, 'Terminal: Call failed')
[MT5Gateway] 无法获取 BTCUSD M30 数据: (-1, 'Terminal: Call failed')
[MT5Gateway] 无法获取 BTCUSD M30 数据: (-1, 'Terminal: Call failed')
[MT5Gateway] 无法获取 BTCUSD M30 数据: (-1, 'Terminal: Call failed')
[MT5Gateway] 无法获取 BTCUSD M30 数据: (-1, 'Terminal: Call failed')
[MT5Gateway] 无法获取 BTCUSD M30 数据: (-1, 'Terminal: Call failed')
[MT5Gateway] 无法获取 BTCUSD M30 数据: (-1, 'Terminal: Call failed')
[MT5Gateway] 无法获取 BTCUSD M30 数据: (-1, 'Terminal: Call failed')
[MT5Gateway] 无法获取 BTCUSD M30 数据: (-1, 'Terminal: Call failed')
[MT5Gateway] 无法获取 BTCUSD M30 数据: (-1, 'Terminal: Call failed')
[MT5Gateway] 无法获取 BTCUSD M30 数据: (-1, 'Terminal: Call failed')
[MT5Gateway] 无法获取 BTCUSD M30 数据: (-1, 'Terminal: Call failed')
[MT5Gateway] 无法获取 BTCUSD M30 数据: (-1, 'Terminal: Call failed')
[MT5Gateway] 无法获取 BTCUSD M30 数据: (-1, 'Terminal: Call failed')
[MT5Gateway] 无法获取 BTCUSD M30 数据: (-1, 'Terminal: Call failed')
[MT5Gateway] 无法获取 BTCUSD M30 数据: (-1, 'Terminal: Call failed')
[MT5Gateway] 无法获取 BTCUSD M30 数据: (-1, 'Terminal: Call failed')
[MT5Gateway] 无法获取 BTCUSD M30 数据: (-1, 'Terminal: Call failed')
[MT5Gateway] 无法获取 BTCUSD M30 数据: (-1, 'Terminal: Call failed')
[MT5Gateway] 无法获取 BTCUSD M30 数据: (-1, 'Terminal: Call failed')
[MT5Gateway] 无法获取 BTCUSD M30 数据: (-1, 'Terminal: Call failed')
[MT5Gateway] 无法获取 BTCUSD M30 数据: (-1, 'Terminal: Call failed')
[MT5Gateway] 无法获取 BTCUSD M30 数据: (-1, 'Terminal: Call failed')
[MT5Gateway] 无法获取 BTCUSD M30 数据: (-1, 'Terminal: Call failed')
